
> react-kavia@0.1.0 start
> cross-env EDIT_MODE=true webpack serve --config .ve/webpack.config.js --mode development

<i> [webpack-dev-server] Project is running at:
<i> [webpack-dev-server] Loopback: http://localhost:3000/, http://[::1]:3000/
<i> [webpack-dev-server] On Your Network (IPv4): http://172.17.0.2:3000/
<i> [webpack-dev-server] Content not from webpack is served from './public' directory
Injecting EditorRootWrapper import: ../.ve/EditorRootWrapper
asset bundle.js 1.39 MiB [emitted] (name: main)
asset index.html 808 bytes [emitted]
runtime modules 27.5 KiB 14 modules
modules by path ./node_modules/ 1.24 MiB 31 modules
modules by path ./src/ 10.7 KiB
  modules by path ./src/*.css 7.49 KiB 4 modules
  modules by path ./src/*.js 3.24 KiB
    ./src/index.js 935 bytes [built] [code generated]
    ./src/App.js 2.32 KiB [built] [code generated]
modules by path ./.ve/ 15.1 KiB
  modules by path ./.ve/*.js 10.6 KiB 2 modules
  modules by path ./.ve/*.css 2.93 KiB
    ./.ve/EditorOverlay.css 2.25 KiB [built] [code generated]
    ./node_modules/css-loader/dist/cjs.js!./.ve/EditorOverlay.css 697 bytes [built] [code generated]
  ./.ve/EditorOverlay.jsx 1.58 KiB [built] [code generated]
webpack 5.99.9 compiled successfully in 1535 ms
assets by status 808 bytes [cached] 1 asset
assets by path *.js 1.41 MiB
  asset bundle.js 1.4 MiB [emitted] (name: main)
  asset main.cad40c3182f1dd03aa31.hot-update.js 10.9 KiB [emitted] [immutable] [hmr] (name: main)
asset main.cad40c3182f1dd03aa31.hot-update.json 28 bytes [emitted] [immutable] [hmr]
Entrypoint main 1.41 MiB = bundle.js 1.4 MiB main.cad40c3182f1dd03aa31.hot-update.js 10.9 KiB
cached modules 1.26 MiB [cached] 41 modules
runtime modules 27.5 KiB 14 modules
./src/App.js 5.77 KiB [built] [code generated]

ERROR in ./src/App.js 3:0-44
Module not found: Error: Can't resolve './ThemeProvider' in '/home/kavia/workspace/code-generation/kollywood-quizmaster-38790-ad628f02/kollywood_quizmaster/src'
 @ ./src/index.js 5:0-24 22:32-35

ERROR in ./src/App.js 4:0-28
Module not found: Error: Can't resolve './Login' in '/home/kavia/workspace/code-generation/kollywood-quizmaster-38790-ad628f02/kollywood_quizmaster/src'
 @ ./src/index.js 5:0-24 22:32-35

ERROR in ./src/App.js 5:0-36
Module not found: Error: Can't resolve './Dashboard' in '/home/kavia/workspace/code-generation/kollywood-quizmaster-38790-ad628f02/kollywood_quizmaster/src'
 @ ./src/index.js 5:0-24 22:32-35

ERROR in ./src/App.js 6:0-60
Module not found: Error: Can't resolve './quizzes/BlurredPosterQuiz' in '/home/kavia/workspace/code-generation/kollywood-quizmaster-38790-ad628f02/kollywood_quizmaster/src'
 @ ./src/index.js 5:0-24 22:32-35

ERROR in ./src/App.js 7:0-64
Module not found: Error: Can't resolve './quizzes/CharacterMovieMatch' in '/home/kavia/workspace/code-generation/kollywood-quizmaster-38790-ad628f02/kollywood_quizmaster/src'
 @ ./src/index.js 5:0-24 22:32-35

ERROR in ./src/App.js 8:0-46
Module not found: Error: Can't resolve './quizzes/MovieBingo' in '/home/kavia/workspace/code-generation/kollywood-quizmaster-38790-ad628f02/kollywood_quizmaster/src'
 @ ./src/index.js 5:0-24 22:32-35

ERROR in ./src/App.js 9:0-52
Module not found: Error: Can't resolve './quizzes/MovieTimeline' in '/home/kavia/workspace/code-generation/kollywood-quizmaster-38790-ad628f02/kollywood_quizmaster/src'
 @ ./src/index.js 5:0-24 22:32-35

ERROR in ./src/App.js 10:0-50
Module not found: Error: Can't resolve './quizzes/SpinTheWheel' in '/home/kavia/workspace/code-generation/kollywood-quizmaster-38790-ad628f02/kollywood_quizmaster/src'
 @ ./src/index.js 5:0-24 22:32-35

ERROR in ./src/App.js 11:0-44
Module not found: Error: Can't resolve './quizzes/CastCombo' in '/home/kavia/workspace/code-generation/kollywood-quizmaster-38790-ad628f02/kollywood_quizmaster/src'
 @ ./src/index.js 5:0-24 22:32-35

ERROR in ./src/App.js 12:0-46
Module not found: Error: Can't resolve './ResultsSummary' in '/home/kavia/workspace/code-generation/kollywood-quizmaster-38790-ad628f02/kollywood_quizmaster/src'
 @ ./src/index.js 5:0-24 22:32-35

10 errors have detailed information that is not shown.
Use 'stats.errorDetails: true' resp. '--stats-error-details' to show it.

webpack 5.99.9 compiled with 10 errors in 118 ms
assets by status 808 bytes [cached] 1 asset
assets by path *.js 1.41 MiB
  asset bundle.js 1.4 MiB [emitted] (name: main)
  asset main.8532d35903c0625d9839.hot-update.js 12.5 KiB [emitted] [immutable] [hmr] (name: main)
asset main.8532d35903c0625d9839.hot-update.json 28 bytes [emitted] [immutable] [hmr]
Entrypoint main 1.41 MiB = bundle.js 1.4 MiB main.8532d35903c0625d9839.hot-update.js 12.5 KiB
cached modules 1.26 MiB [cached] 41 modules
runtime modules 27.5 KiB 14 modules
javascript modules 6.54 KiB
  ./src/App.js 5.77 KiB [code generated]
  ./src/ThemeProvider.js 780 bytes [built] [code generated]

ERROR in ./src/App.js 4:0-28
Module not found: Error: Can't resolve './Login' in '/home/kavia/workspace/code-generation/kollywood-quizmaster-38790-ad628f02/kollywood_quizmaster/src'
 @ ./src/index.js 5:0-24 22:32-35

ERROR in ./src/App.js 5:0-36
Module not found: Error: Can't resolve './Dashboard' in '/home/kavia/workspace/code-generation/kollywood-quizmaster-38790-ad628f02/kollywood_quizmaster/src'
 @ ./src/index.js 5:0-24 22:32-35

ERROR in ./src/App.js 6:0-60
Module not found: Error: Can't resolve './quizzes/BlurredPosterQuiz' in '/home/kavia/workspace/code-generation/kollywood-quizmaster-38790-ad628f02/kollywood_quizmaster/src'
 @ ./src/index.js 5:0-24 22:32-35

ERROR in ./src/App.js 7:0-64
Module not found: Error: Can't resolve './quizzes/CharacterMovieMatch' in '/home/kavia/workspace/code-generation/kollywood-quizmaster-38790-ad628f02/kollywood_quizmaster/src'
 @ ./src/index.js 5:0-24 22:32-35

ERROR in ./src/App.js 8:0-46
Module not found: Error: Can't resolve './quizzes/MovieBingo' in '/home/kavia/workspace/code-generation/kollywood-quizmaster-38790-ad628f02/kollywood_quizmaster/src'
 @ ./src/index.js 5:0-24 22:32-35

ERROR in ./src/App.js 9:0-52
Module not found: Error: Can't resolve './quizzes/MovieTimeline' in '/home/kavia/workspace/code-generation/kollywood-quizmaster-38790-ad628f02/kollywood_quizmaster/src'
 @ ./src/index.js 5:0-24 22:32-35

ERROR in ./src/App.js 10:0-50
Module not found: Error: Can't resolve './quizzes/SpinTheWheel' in '/home/kavia/workspace/code-generation/kollywood-quizmaster-38790-ad628f02/kollywood_quizmaster/src'
 @ ./src/index.js 5:0-24 22:32-35

ERROR in ./src/App.js 11:0-44
Module not found: Error: Can't resolve './quizzes/CastCombo' in '/home/kavia/workspace/code-generation/kollywood-quizmaster-38790-ad628f02/kollywood_quizmaster/src'
 @ ./src/index.js 5:0-24 22:32-35

ERROR in ./src/App.js 12:0-46
Module not found: Error: Can't resolve './ResultsSummary' in '/home/kavia/workspace/code-generation/kollywood-quizmaster-38790-ad628f02/kollywood_quizmaster/src'
 @ ./src/index.js 5:0-24 22:32-35

9 errors have detailed information that is not shown.
Use 'stats.errorDetails: true' resp. '--stats-error-details' to show it.

webpack 5.99.9 compiled with 9 errors in 65 ms
assets by status 808 bytes [cached] 1 asset
assets by path *.js 1.42 MiB
  asset bundle.js 1.4 MiB [emitted] (name: main)
  asset main.2f3414abd6eba94be7a4.hot-update.js 14.9 KiB [emitted] [immutable] [hmr] (name: main)
asset main.2f3414abd6eba94be7a4.hot-update.json 28 bytes [emitted] [immutable] [hmr]
Entrypoint main 1.42 MiB = bundle.js 1.4 MiB main.2f3414abd6eba94be7a4.hot-update.js 14.9 KiB
cached modules 1.26 MiB [cached] 42 modules
runtime modules 27.5 KiB 14 modules
javascript modules 8.44 KiB
  ./src/App.js 5.77 KiB [code generated]
  ./src/Login.js 2.66 KiB [built] [code generated]

ERROR in ./src/App.js 5:0-36
Module not found: Error: Can't resolve './Dashboard' in '/home/kavia/workspace/code-generation/kollywood-quizmaster-38790-ad628f02/kollywood_quizmaster/src'
 @ ./src/index.js 5:0-24 22:32-35

ERROR in ./src/App.js 6:0-60
Module not found: Error: Can't resolve './quizzes/BlurredPosterQuiz' in '/home/kavia/workspace/code-generation/kollywood-quizmaster-38790-ad628f02/kollywood_quizmaster/src'
 @ ./src/index.js 5:0-24 22:32-35

ERROR in ./src/App.js 7:0-64
Module not found: Error: Can't resolve './quizzes/CharacterMovieMatch' in '/home/kavia/workspace/code-generation/kollywood-quizmaster-38790-ad628f02/kollywood_quizmaster/src'
 @ ./src/index.js 5:0-24 22:32-35

ERROR in ./src/App.js 8:0-46
Module not found: Error: Can't resolve './quizzes/MovieBingo' in '/home/kavia/workspace/code-generation/kollywood-quizmaster-38790-ad628f02/kollywood_quizmaster/src'
 @ ./src/index.js 5:0-24 22:32-35

ERROR in ./src/App.js 9:0-52
Module not found: Error: Can't resolve './quizzes/MovieTimeline' in '/home/kavia/workspace/code-generation/kollywood-quizmaster-38790-ad628f02/kollywood_quizmaster/src'
 @ ./src/index.js 5:0-24 22:32-35

ERROR in ./src/App.js 10:0-50
Module not found: Error: Can't resolve './quizzes/SpinTheWheel' in '/home/kavia/workspace/code-generation/kollywood-quizmaster-38790-ad628f02/kollywood_quizmaster/src'
 @ ./src/index.js 5:0-24 22:32-35

ERROR in ./src/App.js 11:0-44
Module not found: Error: Can't resolve './quizzes/CastCombo' in '/home/kavia/workspace/code-generation/kollywood-quizmaster-38790-ad628f02/kollywood_quizmaster/src'
 @ ./src/index.js 5:0-24 22:32-35

ERROR in ./src/App.js 12:0-46
Module not found: Error: Can't resolve './ResultsSummary' in '/home/kavia/workspace/code-generation/kollywood-quizmaster-38790-ad628f02/kollywood_quizmaster/src'
 @ ./src/index.js 5:0-24 22:32-35

8 errors have detailed information that is not shown.
Use 'stats.errorDetails: true' resp. '--stats-error-details' to show it.

webpack 5.99.9 compiled with 8 errors in 57 ms
assets by status 808 bytes [cached] 1 asset
assets by path *.js 1.42 MiB
  asset bundle.js 1.41 MiB [emitted] (name: main)
  asset main.c5404b873212f819e747.hot-update.js 15.9 KiB [emitted] [immutable] [hmr] (name: main)
asset main.c5404b873212f819e747.hot-update.json 28 bytes [emitted] [immutable] [hmr]
Entrypoint main 1.42 MiB = bundle.js 1.41 MiB main.c5404b873212f819e747.hot-update.js 15.9 KiB
cached modules 1.27 MiB [cached] 43 modules
runtime modules 27.5 KiB 14 modules
javascript modules 9.32 KiB
  ./src/App.js 5.77 KiB [code generated]
  ./src/Dashboard.js 3.54 KiB [built] [code generated]

ERROR in ./src/App.js 6:0-60
Module not found: Error: Can't resolve './quizzes/BlurredPosterQuiz' in '/home/kavia/workspace/code-generation/kollywood-quizmaster-38790-ad628f02/kollywood_quizmaster/src'
 @ ./src/index.js 5:0-24 22:32-35

ERROR in ./src/App.js 7:0-64
Module not found: Error: Can't resolve './quizzes/CharacterMovieMatch' in '/home/kavia/workspace/code-generation/kollywood-quizmaster-38790-ad628f02/kollywood_quizmaster/src'
 @ ./src/index.js 5:0-24 22:32-35

ERROR in ./src/App.js 8:0-46
Module not found: Error: Can't resolve './quizzes/MovieBingo' in '/home/kavia/workspace/code-generation/kollywood-quizmaster-38790-ad628f02/kollywood_quizmaster/src'
 @ ./src/index.js 5:0-24 22:32-35

ERROR in ./src/App.js 9:0-52
Module not found: Error: Can't resolve './quizzes/MovieTimeline' in '/home/kavia/workspace/code-generation/kollywood-quizmaster-38790-ad628f02/kollywood_quizmaster/src'
 @ ./src/index.js 5:0-24 22:32-35

ERROR in ./src/App.js 10:0-50
Module not found: Error: Can't resolve './quizzes/SpinTheWheel' in '/home/kavia/workspace/code-generation/kollywood-quizmaster-38790-ad628f02/kollywood_quizmaster/src'
 @ ./src/index.js 5:0-24 22:32-35

ERROR in ./src/App.js 11:0-44
Module not found: Error: Can't resolve './quizzes/CastCombo' in '/home/kavia/workspace/code-generation/kollywood-quizmaster-38790-ad628f02/kollywood_quizmaster/src'
 @ ./src/index.js 5:0-24 22:32-35

ERROR in ./src/App.js 12:0-46
Module not found: Error: Can't resolve './ResultsSummary' in '/home/kavia/workspace/code-generation/kollywood-quizmaster-38790-ad628f02/kollywood_quizmaster/src'
 @ ./src/index.js 5:0-24 22:32-35

7 errors have detailed information that is not shown.
Use 'stats.errorDetails: true' resp. '--stats-error-details' to show it.

webpack 5.99.9 compiled with 7 errors in 60 ms
assets by status 808 bytes [cached] 1 asset
assets by path *.js 1.45 MiB
  asset bundle.js 1.42 MiB [emitted] (name: main)
  asset main.be4a17108d0af2b73ed3.hot-update.js 27.2 KiB [emitted] [immutable] [hmr] (name: main)
asset main.be4a17108d0af2b73ed3.hot-update.json 28 bytes [emitted] [immutable] [hmr]
Entrypoint main 1.45 MiB = bundle.js 1.42 MiB main.be4a17108d0af2b73ed3.hot-update.js 27.2 KiB
cached modules 1.27 MiB [cached] 44 modules
runtime modules 27.5 KiB 14 modules
javascript modules 18.7 KiB
  ./src/App.js 5.77 KiB [code generated]
  ./src/quizzes/BlurredPosterQuiz.js 8.66 KiB [built] [code generated]
  ./src/tmdbService.js 4.22 KiB [built] [code generated]

ERROR in ./src/App.js 7:0-64
Module not found: Error: Can't resolve './quizzes/CharacterMovieMatch' in '/home/kavia/workspace/code-generation/kollywood-quizmaster-38790-ad628f02/kollywood_quizmaster/src'
 @ ./src/index.js 5:0-24 22:32-35

ERROR in ./src/App.js 8:0-46
Module not found: Error: Can't resolve './quizzes/MovieBingo' in '/home/kavia/workspace/code-generation/kollywood-quizmaster-38790-ad628f02/kollywood_quizmaster/src'
 @ ./src/index.js 5:0-24 22:32-35

ERROR in ./src/App.js 9:0-52
Module not found: Error: Can't resolve './quizzes/MovieTimeline' in '/home/kavia/workspace/code-generation/kollywood-quizmaster-38790-ad628f02/kollywood_quizmaster/src'
 @ ./src/index.js 5:0-24 22:32-35

ERROR in ./src/App.js 10:0-50
Module not found: Error: Can't resolve './quizzes/SpinTheWheel' in '/home/kavia/workspace/code-generation/kollywood-quizmaster-38790-ad628f02/kollywood_quizmaster/src'
 @ ./src/index.js 5:0-24 22:32-35

ERROR in ./src/App.js 11:0-44
Module not found: Error: Can't resolve './quizzes/CastCombo' in '/home/kavia/workspace/code-generation/kollywood-quizmaster-38790-ad628f02/kollywood_quizmaster/src'
 @ ./src/index.js 5:0-24 22:32-35

ERROR in ./src/App.js 12:0-46
Module not found: Error: Can't resolve './ResultsSummary' in '/home/kavia/workspace/code-generation/kollywood-quizmaster-38790-ad628f02/kollywood_quizmaster/src'
 @ ./src/index.js 5:0-24 22:32-35

6 errors have detailed information that is not shown.
Use 'stats.errorDetails: true' resp. '--stats-error-details' to show it.

webpack 5.99.9 compiled with 6 errors in 123 ms
assets by status 808 bytes [cached] 1 asset
assets by path *.js 1.46 MiB
  asset bundle.js 1.44 MiB [emitted] (name: main)
  asset main.266d10496c1c3cad555b.hot-update.js 23.2 KiB [emitted] [immutable] [hmr] (name: main)
asset main.266d10496c1c3cad555b.hot-update.json 28 bytes [emitted] [immutable] [hmr]
Entrypoint main 1.46 MiB = bundle.js 1.44 MiB main.266d10496c1c3cad555b.hot-update.js 23.2 KiB
cached modules 1.28 MiB [cached] 46 modules
runtime modules 27.5 KiB 14 modules
javascript modules 15.5 KiB
  ./src/App.js 5.77 KiB [code generated]
  ./src/quizzes/CharacterMovieMatch.js 9.68 KiB [built] [code generated]

ERROR in ./src/App.js 8:0-46
Module not found: Error: Can't resolve './quizzes/MovieBingo' in '/home/kavia/workspace/code-generation/kollywood-quizmaster-38790-ad628f02/kollywood_quizmaster/src'
 @ ./src/index.js 5:0-24 22:32-35

ERROR in ./src/App.js 9:0-52
Module not found: Error: Can't resolve './quizzes/MovieTimeline' in '/home/kavia/workspace/code-generation/kollywood-quizmaster-38790-ad628f02/kollywood_quizmaster/src'
 @ ./src/index.js 5:0-24 22:32-35

ERROR in ./src/App.js 10:0-50
Module not found: Error: Can't resolve './quizzes/SpinTheWheel' in '/home/kavia/workspace/code-generation/kollywood-quizmaster-38790-ad628f02/kollywood_quizmaster/src'
 @ ./src/index.js 5:0-24 22:32-35

ERROR in ./src/App.js 11:0-44
Module not found: Error: Can't resolve './quizzes/CastCombo' in '/home/kavia/workspace/code-generation/kollywood-quizmaster-38790-ad628f02/kollywood_quizmaster/src'
 @ ./src/index.js 5:0-24 22:32-35

ERROR in ./src/App.js 12:0-46
Module not found: Error: Can't resolve './ResultsSummary' in '/home/kavia/workspace/code-generation/kollywood-quizmaster-38790-ad628f02/kollywood_quizmaster/src'
 @ ./src/index.js 5:0-24 22:32-35

5 errors have detailed information that is not shown.
Use 'stats.errorDetails: true' resp. '--stats-error-details' to show it.

webpack 5.99.9 compiled with 5 errors in 122 ms
assets by status 808 bytes [cached] 1 asset
assets by path *.js 1.46 MiB
  asset bundle.js 1.44 MiB [emitted] (name: main)
  asset main.45225e89e45016a7a0c5.hot-update.js 18.6 KiB [emitted] [immutable] [hmr] (name: main)
asset main.45225e89e45016a7a0c5.hot-update.json 28 bytes [emitted] [immutable] [hmr]
Entrypoint main 1.46 MiB = bundle.js 1.44 MiB main.45225e89e45016a7a0c5.hot-update.js 18.6 KiB
cached modules 1.29 MiB [cached] 47 modules
runtime modules 27.5 KiB 14 modules
javascript modules 11.8 KiB
  ./src/App.js 5.77 KiB [code generated]
  ./src/quizzes/MovieBingo.js 5.99 KiB [built] [code generated]

ERROR in ./src/App.js 9:0-52
Module not found: Error: Can't resolve './quizzes/MovieTimeline' in '/home/kavia/workspace/code-generation/kollywood-quizmaster-38790-ad628f02/kollywood_quizmaster/src'
 @ ./src/index.js 5:0-24 22:32-35

ERROR in ./src/App.js 10:0-50
Module not found: Error: Can't resolve './quizzes/SpinTheWheel' in '/home/kavia/workspace/code-generation/kollywood-quizmaster-38790-ad628f02/kollywood_quizmaster/src'
 @ ./src/index.js 5:0-24 22:32-35

ERROR in ./src/App.js 11:0-44
Module not found: Error: Can't resolve './quizzes/CastCombo' in '/home/kavia/workspace/code-generation/kollywood-quizmaster-38790-ad628f02/kollywood_quizmaster/src'
 @ ./src/index.js 5:0-24 22:32-35

ERROR in ./src/App.js 12:0-46
Module not found: Error: Can't resolve './ResultsSummary' in '/home/kavia/workspace/code-generation/kollywood-quizmaster-38790-ad628f02/kollywood_quizmaster/src'
 @ ./src/index.js 5:0-24 22:32-35

4 errors have detailed information that is not shown.
Use 'stats.errorDetails: true' resp. '--stats-error-details' to show it.

webpack 5.99.9 compiled with 4 errors in 70 ms
assets by status 808 bytes [cached] 1 asset
assets by path *.js 1.47 MiB
  asset bundle.js 1.45 MiB [emitted] (name: main)
  asset main.7dbd7f4f35506bfd9c1c.hot-update.js 18.9 KiB [emitted] [immutable] [hmr] (name: main)
asset main.7dbd7f4f35506bfd9c1c.hot-update.json 28 bytes [emitted] [immutable] [hmr]
Entrypoint main 1.47 MiB = bundle.js 1.45 MiB main.7dbd7f4f35506bfd9c1c.hot-update.js 18.9 KiB
cached modules 1.3 MiB [cached] 48 modules
runtime modules 27.5 KiB 14 modules
javascript modules 12 KiB
  ./src/App.js 5.77 KiB [code generated]
  ./src/quizzes/MovieTimeline.js 6.18 KiB [built] [code generated]

ERROR in ./src/App.js 10:0-50
Module not found: Error: Can't resolve './quizzes/SpinTheWheel' in '/home/kavia/workspace/code-generation/kollywood-quizmaster-38790-ad628f02/kollywood_quizmaster/src'
 @ ./src/index.js 5:0-24 22:32-35

ERROR in ./src/App.js 11:0-44
Module not found: Error: Can't resolve './quizzes/CastCombo' in '/home/kavia/workspace/code-generation/kollywood-quizmaster-38790-ad628f02/kollywood_quizmaster/src'
 @ ./src/index.js 5:0-24 22:32-35

ERROR in ./src/App.js 12:0-46
Module not found: Error: Can't resolve './ResultsSummary' in '/home/kavia/workspace/code-generation/kollywood-quizmaster-38790-ad628f02/kollywood_quizmaster/src'
 @ ./src/index.js 5:0-24 22:32-35

3 errors have detailed information that is not shown.
Use 'stats.errorDetails: true' resp. '--stats-error-details' to show it.

webpack 5.99.9 compiled with 3 errors in 70 ms
assets by status 808 bytes [cached] 1 asset
assets by path *.js 1.48 MiB
  asset bundle.js 1.46 MiB [emitted] (name: main)
  asset main.66e87d2a85357add4da7.hot-update.js 18.1 KiB [emitted] [immutable] [hmr] (name: main)
asset main.66e87d2a85357add4da7.hot-update.json 28 bytes [emitted] [immutable] [hmr]
Entrypoint main 1.48 MiB = bundle.js 1.46 MiB main.66e87d2a85357add4da7.hot-update.js 18.1 KiB
cached modules 1.3 MiB [cached] 49 modules
runtime modules 27.5 KiB 14 modules
javascript modules 11.3 KiB
  ./src/App.js 5.77 KiB [code generated]
  ./src/quizzes/SpinTheWheel.js 5.49 KiB [built] [code generated]

ERROR in ./src/App.js 11:0-44
Module not found: Error: Can't resolve './quizzes/CastCombo' in '/home/kavia/workspace/code-generation/kollywood-quizmaster-38790-ad628f02/kollywood_quizmaster/src'
resolve './quizzes/CastCombo' in '/home/kavia/workspace/code-generation/kollywood-quizmaster-38790-ad628f02/kollywood_quizmaster/src'
  using description file: /home/kavia/workspace/code-generation/kollywood-quizmaster-38790-ad628f02/kollywood_quizmaster/package.json (relative path: ./src)
    Field 'browser' doesn't contain a valid alias configuration
    using description file: /home/kavia/workspace/code-generation/kollywood-quizmaster-38790-ad628f02/kollywood_quizmaster/package.json (relative path: ./src/quizzes/CastCombo)
      no extension
        Field 'browser' doesn't contain a valid alias configuration
        /home/kavia/workspace/code-generation/kollywood-quizmaster-38790-ad628f02/kollywood_quizmaster/src/quizzes/CastCombo doesn't exist
      .js
        Field 'browser' doesn't contain a valid alias configuration
        /home/kavia/workspace/code-generation/kollywood-quizmaster-38790-ad628f02/kollywood_quizmaster/src/quizzes/CastCombo.js doesn't exist
      .jsx
        Field 'browser' doesn't contain a valid alias configuration
        /home/kavia/workspace/code-generation/kollywood-quizmaster-38790-ad628f02/kollywood_quizmaster/src/quizzes/CastCombo.jsx doesn't exist
      as directory
        /home/kavia/workspace/code-generation/kollywood-quizmaster-38790-ad628f02/kollywood_quizmaster/src/quizzes/CastCombo doesn't exist
 @ ./src/index.js 5:0-24 22:32-35

ERROR in ./src/App.js 12:0-46
Module not found: Error: Can't resolve './ResultsSummary' in '/home/kavia/workspace/code-generation/kollywood-quizmaster-38790-ad628f02/kollywood_quizmaster/src'
resolve './ResultsSummary' in '/home/kavia/workspace/code-generation/kollywood-quizmaster-38790-ad628f02/kollywood_quizmaster/src'
  using description file: /home/kavia/workspace/code-generation/kollywood-quizmaster-38790-ad628f02/kollywood_quizmaster/package.json (relative path: ./src)
    Field 'browser' doesn't contain a valid alias configuration
    using description file: /home/kavia/workspace/code-generation/kollywood-quizmaster-38790-ad628f02/kollywood_quizmaster/package.json (relative path: ./src/ResultsSummary)
      no extension
        Field 'browser' doesn't contain a valid alias configuration
        /home/kavia/workspace/code-generation/kollywood-quizmaster-38790-ad628f02/kollywood_quizmaster/src/ResultsSummary doesn't exist
      .js
        Field 'browser' doesn't contain a valid alias configuration
        /home/kavia/workspace/code-generation/kollywood-quizmaster-38790-ad628f02/kollywood_quizmaster/src/ResultsSummary.js doesn't exist
      .jsx
        Field 'browser' doesn't contain a valid alias configuration
        /home/kavia/workspace/code-generation/kollywood-quizmaster-38790-ad628f02/kollywood_quizmaster/src/ResultsSummary.jsx doesn't exist
      as directory
        /home/kavia/workspace/code-generation/kollywood-quizmaster-38790-ad628f02/kollywood_quizmaster/src/ResultsSummary doesn't exist
 @ ./src/index.js 5:0-24 22:32-35

webpack 5.99.9 compiled with 2 errors in 67 ms
assets by status 808 bytes [cached] 1 asset
assets by path *.js 1.49 MiB
  asset bundle.js 1.47 MiB [emitted] (name: main)
  asset main.d7e492fdd8e076bc08c4.hot-update.js 20.9 KiB [emitted] [immutable] [hmr] (name: main)
asset main.d7e492fdd8e076bc08c4.hot-update.json 28 bytes [emitted] [immutable] [hmr]
Entrypoint main 1.49 MiB = bundle.js 1.47 MiB main.d7e492fdd8e076bc08c4.hot-update.js 20.9 KiB
cached modules 1.31 MiB [cached] 50 modules
runtime modules 27.5 KiB 14 modules
javascript modules 13.5 KiB
  ./src/App.js 5.77 KiB [code generated]
  ./src/quizzes/CastCombo.js 7.75 KiB [built] [code generated]

ERROR in ./src/App.js 12:0-46
Module not found: Error: Can't resolve './ResultsSummary' in '/home/kavia/workspace/code-generation/kollywood-quizmaster-38790-ad628f02/kollywood_quizmaster/src'
resolve './ResultsSummary' in '/home/kavia/workspace/code-generation/kollywood-quizmaster-38790-ad628f02/kollywood_quizmaster/src'
  using description file: /home/kavia/workspace/code-generation/kollywood-quizmaster-38790-ad628f02/kollywood_quizmaster/package.json (relative path: ./src)
    Field 'browser' doesn't contain a valid alias configuration
    using description file: /home/kavia/workspace/code-generation/kollywood-quizmaster-38790-ad628f02/kollywood_quizmaster/package.json (relative path: ./src/ResultsSummary)
      no extension
        Field 'browser' doesn't contain a valid alias configuration
        /home/kavia/workspace/code-generation/kollywood-quizmaster-38790-ad628f02/kollywood_quizmaster/src/ResultsSummary doesn't exist
      .js
        Field 'browser' doesn't contain a valid alias configuration
        /home/kavia/workspace/code-generation/kollywood-quizmaster-38790-ad628f02/kollywood_quizmaster/src/ResultsSummary.js doesn't exist
      .jsx
        Field 'browser' doesn't contain a valid alias configuration
        /home/kavia/workspace/code-generation/kollywood-quizmaster-38790-ad628f02/kollywood_quizmaster/src/ResultsSummary.jsx doesn't exist
      as directory
        /home/kavia/workspace/code-generation/kollywood-quizmaster-38790-ad628f02/kollywood_quizmaster/src/ResultsSummary doesn't exist
 @ ./src/index.js 5:0-24 22:32-35

webpack 5.99.9 compiled with 1 error in 68 ms
assets by status 808 bytes [cached] 1 asset
assets by path *.js 1.49 MiB
  asset bundle.js 1.48 MiB [emitted] (name: main)
  asset main.627f52d89e2967ad7b32.hot-update.js 14.3 KiB [emitted] [immutable] [hmr] (name: main)
asset main.627f52d89e2967ad7b32.hot-update.json 28 bytes [emitted] [immutable] [hmr]
Entrypoint main 1.49 MiB = bundle.js 1.48 MiB main.627f52d89e2967ad7b32.hot-update.js 14.3 KiB
cached modules 1.32 MiB [cached] 51 modules
runtime modules 27.5 KiB 14 modules
javascript modules 8.48 KiB
  ./src/App.js 5.77 KiB [code generated]
  ./src/ResultsSummary.js 2.7 KiB [built] [code generated]
webpack 5.99.9 compiled successfully in 46 ms
assets by status 808 bytes [cached] 1 asset
assets by path *.js 1.48 MiB
  asset bundle.js 1.48 MiB [emitted] (name: main)
  asset main.2e8a58ce0a00a456505f.hot-update.js 9.03 KiB [emitted] [immutable] [hmr] (name: main)
asset main.2e8a58ce0a00a456505f.hot-update.json 28 bytes [emitted] [immutable] [hmr]
Entrypoint main 1.48 MiB = bundle.js 1.48 MiB main.2e8a58ce0a00a456505f.hot-update.js 9.03 KiB
cached modules 1.32 MiB [cached] 52 modules
runtime modules 27.5 KiB 14 modules
./src/quizzes/MovieBingo.js 6.06 KiB [built] [code generated]
webpack 5.99.9 compiled successfully in 98 ms
